# serializer version: 1
# name: test_helm_external_secret_manifest_renders
  dict({
    'apiVersion': 'external-secrets.io/v1beta1',
    'kind': 'ExternalSecret',
    'metadata': dict({
      'name': 'episodic',
    }),
    'spec': dict({
      'data': list([
        dict({
          'remoteRef': dict({
            'key': 'episodic/database',
            'property': 'url',
          }),
          'secretKey': 'database-url',
        }),
      ]),
      'refreshInterval': '1h',
      'secretStoreRef': dict({
        'kind': 'ClusterSecretStore',
        'name': 'vault',
      }),
      'target': dict({
        'creationPolicy': 'Merge',
        'name': 'episodic',
      }),
    }),
  })
# ---
