# serializer version: 1
# name: test_checkpoint_validation_messages_snapshot
  dict({
    'blank_node': 'node must be a non-empty string.',
    'blank_option': 'options must contain non-empty strings.',
    'blank_prompt': 'prompt must be a non-empty string.',
    'empty_options': 'options must contain at least one action.',
    'missing_responded_at': 'responded checkpoints require responded_at.',
    'missing_responded_by': 'responded checkpoints require responded_by.',
    'missing_response_action': 'responded checkpoints require response_action.',
  })
# ---
# name: test_generation_run_and_checkpoint_repr_snapshot
  dict({
    'checkpoint': "Checkpoint(id=UUID('018fdcf0-0000-7000-8000-000000000004'), generation_run_id=UUID('018fdcf0-0000-7000-8000-000000000001'), node='human_review', prompt='Approve the draft?', options=('approve', 'request_changes'), status=<CheckpointStatus.CREATED: 'created'>, created_at=datetime.datetime(2026, 6, 4, 8, 0, tzinfo=datetime.timezone.utc), responded_at=None, responded_by=None, response_action=None, response_payload={})",
    'generation_run': "GenerationRun(id=UUID('018fdcf0-0000-7000-8000-000000000001'), episode_id=UUID('018fdcf0-0000-7000-8000-000000000002'), source_bundle_id=UUID('018fdcf0-0000-7000-8000-000000000003'), actor='editor@example.com', status=<GenerationRunStatus.PENDING: 'pending'>, current_node=None, budget_snapshot={'limit': 10}, configuration={'model': 'gpt-4.1'}, created_at=datetime.datetime(2026, 6, 4, 8, 0, tzinfo=datetime.timezone.utc), updated_at=datetime.datetime(2026, 6, 4, 8, 0, tzinfo=datetime.timezone.utc), started_at=None, ended_at=None, error_message=None)",
  })
# ---
# name: test_generation_run_error_messages_snapshot
  dict({
    'checkpoint_already_terminal': 'generation checkpoint is already terminal: 018fdcf0-0000-7000-8000-000000000004',
    'checkpoint_not_found': 'unknown generation checkpoint: 018fdcf0-0000-7000-8000-000000000004',
    'run_already_terminal': 'generation run is already terminal: 018fdcf0-0000-7000-8000-000000000001',
    'run_not_found': 'unknown generation run: 018fdcf0-0000-7000-8000-000000000001',
  })
# ---
